// Jest Snapshot v1, https://goo.gl/fbAQLP

exports[`TEST SET-COLORS-LIST List should render with all colors 1`] = `
<ul
  class="list"
  data-testid="set-color-list"
>
  <li
    class="item green"
    data-testid="set-color-item"
  />
  <li
    class="item pink"
    data-testid="set-color-item"
  />
  <li
    class="item blue"
    data-testid="set-color-item"
  />
  <li
    class="item gray"
    data-testid="set-color-item"
  />
</ul>
`;
